milky@LAPTOP-3P4IQ1TL MINGW64 /c/git/GitDemo (master)
$ ^C

milky@LAPTOP-3P4IQ1TL MINGW64 /c/git/GitDemo (master)
$ git status
On branch master

No commits yet

Changes to be committed:
  (use "git rm --cached <file>..." to unstage)
        new file:   welcome.txt


milky@LAPTOP-3P4IQ1TL MINGW64 /c/git/GitDemo (master)
$ git commit -m "welcome.txt committed"
[master (root-commit) ad513af] welcome.txt committed
 1 file changed, 1 insertion(+)
 create mode 100644 welcome.txt

milky@LAPTOP-3P4IQ1TL MINGW64 /c/git/GitDemo (master)
$ git status
On branch master
nothing to commit, working tree clean

milky@LAPTOP-3P4IQ1TL MINGW64 /c/git/GitDemo (master)
$ touch error.log

milky@LAPTOP-3P4IQ1TL MINGW64 /c/git/GitDemo (master)
$ ls
error.log  welcome.txt

milky@LAPTOP-3P4IQ1TL MINGW64 /c/git/GitDemo (master)
$ mkdir log

milky@LAPTOP-3P4IQ1TL MINGW64 /c/git/GitDemo (master)
$ touch log/sample.txt

milky@LAPTOP-3P4IQ1TL MINGW64 /c/git/GitDemo (master)
$ notepad++.gitignore
bash: notepad++.gitignore: command not found

milky@LAPTOP-3P4IQ1TL MINGW64 /c/git/GitDemo (master)
$ notepad.gitignore
bash: notepad.gitignore: command not found

milky@LAPTOP-3P4IQ1TL MINGW64 /c/git/GitDemo (master)
$ notepad .gitignore

milky@LAPTOP-3P4IQ1TL MINGW64 /c/git/GitDemo (master)
$ git status
On branch master
Untracked files:
  (use "git add <file>..." to include in what will be committed)
        .gitignore

nothing added to commit but untracked files present (use "git add" to track)

milky@LAPTOP-3P4IQ1TL MINGW64 /c/git/GitDemo (master)
$ git add .gitignore

milky@LAPTOP-3P4IQ1TL MINGW64 /c/git/GitDemo (master)
$ git commit -m "added gitignore"
[master babba96] added gitignore
 1 file changed, 2 insertions(+)
 create mode 100644 .gitignore

milky@LAPTOP-3P4IQ1TL MINGW64 /c/git/GitDemo (master)
$ git status
On branch master
nothing to commit, working tree clean

milky@LAPTOP-3P4IQ1TL MINGW64 /c/git/GitDemo (master)
$ git status
On branch master
nothing to commit, working tree clean

milky@LAPTOP-3P4IQ1TL MINGW64 /c/git/GitDemo (master)
$ git status --ignored
On branch master
Ignored files:
  (use "git add -f <file>..." to include in what will be committed)
        error.log
        log/

nothing to commit, working tree clean

milky@LAPTOP-3P4IQ1TL MINGW64 /c/git/GitDemo (master)
$ git rm --cached error.log
fatal: pathspec 'error.log' did not match any files

milky@LAPTOP-3P4IQ1TL MINGW64 /c/git/GitDemo (master)
$ git commit -m "added gitignore"
On branch master
nothing to commit, working tree clean

milky@LAPTOP-3P4IQ1TL MINGW64 /c/git/GitDemo (master)
$ git status --ignored
On branch master
Ignored files:
  (use "git add -f <file>..." to include in what will be committed)
        error.log
        log/

nothing to commit, working tree clean

milky@LAPTOP-3P4IQ1TL MINGW64 /c/git/GitDemo (master)
$
